# feature that defines all the dependant plugins
feature@org.eclipse.riena.build.feature=GIT,tag=orgin/master,repo=ssh://rienaBuild@build.eclipse.org/gitroot/riena/org.eclipse.riena.git,path=org.eclipse.riena.build.feature
feature@org.eclipse.riena.build.feature.sdk=GIT,tag=orgin/master,repo=ssh://rienaBuild@build.eclipse.org/gitroot/riena/org.eclipse.riena.git,path=org.eclipse.riena.build.feature.sdk
feature@org.eclipse.riena.build.feature.core=GIT,tag=orgin/master,repo=ssh://rienaBuild@build.eclipse.org/gitroot/riena/org.eclipse.riena.git,path=org.eclipse.riena.build.feature.core
feature@org.eclipse.riena.build.feature.core.sdk=GIT,tag=orgin/master,repo=ssh://rienaBuild@build.eclipse.org/gitroot/riena/org.eclipse.riena.git,path=org.eclipse.riena.build.feature.core.sdk
feature@org.eclipse.riena.build.feature.rap.sdk=GIT,tag=orgin/master,repo=ssh://rienaBuild@build.eclipse.org/gitroot/riena/org.eclipse.riena.rap.git,path=org.eclipse.riena.build.feature.rap.sdk
feature@org.eclipse.riena.build.feature.samples=GIT,tag=orgin/master,repo=ssh://rienaBuild@build.eclipse.org/gitroot/riena/org.eclipse.riena.git,path=org.eclipse.riena.build.feature.samples
feature@org.eclipse.riena.build.feature.samples.sdk=GIT,tag=orgin/master,repo=ssh://rienaBuild@build.eclipse.org/gitroot/riena/org.eclipse.riena.git,path=org.eclipse.riena.build.feature.samples.sdk

# list of riena plugins
plugin@com.caucho.hessian=GIT,tag=orgin/master,repo=ssh://rienaBuild@build.eclipse.org/gitroot/riena/org.eclipse.riena.git,path=com.caucho.hessian
plugin@org.eclipse.riena.beans.common=GIT,tag=orgin/master,repo=ssh://rienaBuild@build.eclipse.org/gitroot/riena/org.eclipse.riena.git,path=org.eclipse.riena.beans.common
plugin@org.eclipse.riena.client=GIT,tag=orgin/master,repo=ssh://rienaBuild@build.eclipse.org/gitroot/riena/org.eclipse.riena.git,path=org.eclipse.riena.client
plugin@org.eclipse.riena.client.communication=GIT,tag=orgin/master,repo=ssh://rienaBuild@build.eclipse.org/gitroot/riena/org.eclipse.riena.git,path=org.eclipse.riena.client.communication
plugin@org.eclipse.riena.client.ridgets=GIT,tag=orgin/master,repo=ssh://rienaBuild@build.eclipse.org/gitroot/riena/org.eclipse.riena.git,path=org.eclipse.riena.client.ridgets
plugin@org.eclipse.riena.communication.console=GIT,tag=orgin/master,repo=ssh://rienaBuild@build.eclipse.org/gitroot/riena/org.eclipse.riena.git,path=org.eclipse.riena.communication.console
plugin@org.eclipse.riena.communication.client.ui=GIT,tag=orgin/master,repo=ssh://rienaBuild@build.eclipse.org/gitroot/riena/org.eclipse.riena.git,path=org.eclipse.riena.communication.client.ui
plugin@org.eclipse.riena.communication.core=GIT,tag=orgin/master,repo=ssh://rienaBuild@build.eclipse.org/gitroot/riena/org.eclipse.riena.git,path=org.eclipse.riena.communication.core
plugin@org.eclipse.riena.communication.discovery=GIT,tag=orgin/master,repo=ssh://rienaBuild@build.eclipse.org/gitroot/riena/org.eclipse.riena.git,path=org.eclipse.riena.communication.discovery
plugin@org.eclipse.riena.communication.factory.hessian=GIT,tag=orgin/master,repo=ssh://rienaBuild@build.eclipse.org/gitroot/riena/org.eclipse.riena.git,path=org.eclipse.riena.communication.factory.hessian
plugin@org.eclipse.riena.communication.publisher=GIT,tag=orgin/master,repo=ssh://rienaBuild@build.eclipse.org/gitroot/riena/org.eclipse.riena.git,path=org.eclipse.riena.communication.publisher
plugin@org.eclipse.riena.communication.publisher.hessian=GIT,tag=orgin/master,repo=ssh://rienaBuild@build.eclipse.org/gitroot/riena/org.eclipse.riena.git,path=org.eclipse.riena.communication.publisher.hessian
plugin@org.eclipse.riena.communication.sample.pingpong.client=GIT,tag=orgin/master,repo=ssh://rienaBuild@build.eclipse.org/gitroot/riena/org.eclipse.riena.git,path=org.eclipse.riena.communication.sample.pingpong.client
plugin@org.eclipse.riena.communication.sample.pingpong.client.config=GIT,tag=orgin/master,repo=ssh://rienaBuild@build.eclipse.org/gitroot/riena/org.eclipse.riena.git,path=org.eclipse.riena.communication.sample.pingpong.client.config
plugin@org.eclipse.riena.communication.sample.pingpong.common=GIT,tag=orgin/master,repo=ssh://rienaBuild@build.eclipse.org/gitroot/riena/org.eclipse.riena.git,path=org.eclipse.riena.communication.sample.pingpong.common
plugin@org.eclipse.riena.communication.sample.pingpong.server=GIT,tag=orgin/master,repo=ssh://rienaBuild@build.eclipse.org/gitroot/riena/org.eclipse.riena.git,path=org.eclipse.riena.communication.sample.pingpong.server
plugin@org.eclipse.riena.core=GIT,tag=orgin/master,repo=ssh://rienaBuild@build.eclipse.org/gitroot/riena/org.eclipse.riena.git,path=org.eclipse.riena.core
plugin@org.eclipse.riena.demo.client=GIT,tag=orgin/master,repo=ssh://rienaBuild@build.eclipse.org/gitroot/riena/org.eclipse.riena.git,path=org.eclipse.riena.demo.client
plugin@org.eclipse.riena.demo.client.rcp=GIT,tag=orgin/master,repo=ssh://rienaBuild@build.eclipse.org/gitroot/riena/org.eclipse.riena.git,path=org.eclipse.riena.demo.client.rcp
fragment@org.eclipse.riena.demo.client.webtheme=GIT,tag=orgin/master,repo=ssh://rienaBuild@build.eclipse.org/gitroot/riena/org.eclipse.riena.rap.git,path=org.eclipse.riena.demo.client.webtheme
plugin@org.eclipse.riena.demo.common=GIT,tag=orgin/master,repo=ssh://rienaBuild@build.eclipse.org/gitroot/riena/org.eclipse.riena.git,path=org.eclipse.riena.demo.common
plugin@org.eclipse.riena.demo.server=GIT,tag=orgin/master,repo=ssh://rienaBuild@build.eclipse.org/gitroot/riena/org.eclipse.riena.git,path=org.eclipse.riena.demo.server
plugin@org.eclipse.riena.documents=GIT,tag=orgin/master,repo=ssh://rienaBuild@build.eclipse.org/gitroot/riena/org.eclipse.riena.git,path=org.eclipse.riena.documents
plugin@org.eclipse.riena.example.client=GIT,tag=orgin/master,repo=ssh://rienaBuild@build.eclipse.org/gitroot/riena/org.eclipse.riena.git,path=org.eclipse.riena.example.client
plugin@org.eclipse.riena.example.client.optional=GIT,tag=orgin/master,repo=ssh://rienaBuild@build.eclipse.org/gitroot/riena/org.eclipse.riena.git,path=org.eclipse.riena.example.client.optional
plugin@org.eclipse.riena.example.ping.client=GIT,tag=orgin/master,repo=ssh://rienaBuild@build.eclipse.org/gitroot/riena/org.eclipse.riena.git,path=org.eclipse.riena.example.ping.client
plugin@org.eclipse.riena.monitor.client=GIT,tag=orgin/master,repo=ssh://rienaBuild@build.eclipse.org/gitroot/riena/org.eclipse.riena.git,path=org.eclipse.riena.monitor.client
plugin@org.eclipse.riena.monitor.common=GIT,tag=orgin/master,repo=ssh://rienaBuild@build.eclipse.org/gitroot/riena/org.eclipse.riena.git,path=org.eclipse.riena.monitor.common
plugin@org.eclipse.riena.navigation=GIT,tag=orgin/master,repo=ssh://rienaBuild@build.eclipse.org/gitroot/riena/org.eclipse.riena.git,path=org.eclipse.riena.navigation
plugin@org.eclipse.riena.navigation.ui=GIT,tag=orgin/master,repo=ssh://rienaBuild@build.eclipse.org/gitroot/riena/org.eclipse.riena.git,path=org.eclipse.riena.navigation.ui
plugin@org.eclipse.riena.navigation.ui.swt=GIT,tag=orgin/master,repo=ssh://rienaBuild@build.eclipse.org/gitroot/riena/org.eclipse.riena.git,path=org.eclipse.riena.navigation.ui.swt
plugin@org.eclipse.riena.objecttransaction=GIT,tag=orgin/master,repo=ssh://rienaBuild@build.eclipse.org/gitroot/riena/org.eclipse.riena.git,path=org.eclipse.riena.objecttransaction
plugin@org.eclipse.riena.sample.app.client=GIT,tag=orgin/master,repo=ssh://rienaBuild@build.eclipse.org/gitroot/riena/org.eclipse.riena.git,path=org.eclipse.riena.sample.app.client
plugin@org.eclipse.riena.sample.app.client.mail=GIT,tag=orgin/master,repo=ssh://rienaBuild@build.eclipse.org/gitroot/riena/org.eclipse.riena.git,path=org.eclipse.riena.sample.app.client.mail
plugin@org.eclipse.riena.sample.app.client.rcpmail=GIT,tag=orgin/master,repo=ssh://rienaBuild@build.eclipse.org/gitroot/riena/org.eclipse.riena.git,path=org.eclipse.riena.sample.app.client.rcpmail
plugin@org.eclipse.riena.sample.app.common=GIT,tag=orgin/master,repo=ssh://rienaBuild@build.eclipse.org/gitroot/riena/org.eclipse.riena.git,path=org.eclipse.riena.sample.app.common
plugin@org.eclipse.riena.sample.app.server=GIT,tag=orgin/master,repo=ssh://rienaBuild@build.eclipse.org/gitroot/riena/org.eclipse.riena.git,path=org.eclipse.riena.sample.app.server
plugin@org.eclipse.riena.sample.snippets=GIT,tag=orgin/master,repo=ssh://rienaBuild@build.eclipse.org/gitroot/riena/org.eclipse.riena.git,path=org.eclipse.riena.sample.snippets
plugin@org.eclipse.riena.security.client.startup=GIT,tag=orgin/master,repo=ssh://rienaBuild@build.eclipse.org/gitroot/riena/org.eclipse.riena.git,path=org.eclipse.riena.security.client.startup
plugin@org.eclipse.riena.security.common=GIT,tag=orgin/master,repo=ssh://rienaBuild@build.eclipse.org/gitroot/riena/org.eclipse.riena.git,path=org.eclipse.riena.security.common
plugin@org.eclipse.riena.security.server=GIT,tag=orgin/master,repo=ssh://rienaBuild@build.eclipse.org/gitroot/riena/org.eclipse.riena.git,path=org.eclipse.riena.security.server
plugin@org.eclipse.riena.security.services=GIT,tag=orgin/master,repo=ssh://rienaBuild@build.eclipse.org/gitroot/riena/org.eclipse.riena.git,path=org.eclipse.riena.security.services
plugin@org.eclipse.riena.security.simpleservices=GIT,tag=orgin/master,repo=ssh://rienaBuild@build.eclipse.org/gitroot/riena/org.eclipse.riena.git,path=org.eclipse.riena.security.simpleservices
plugin@org.eclipse.riena.security.ui=GIT,tag=orgin/master,repo=ssh://rienaBuild@build.eclipse.org/gitroot/riena/org.eclipse.riena.git,path=org.eclipse.riena.security.ui
plugin@org.eclipse.riena.server=GIT,tag=orgin/master,repo=ssh://rienaBuild@build.eclipse.org/gitroot/riena/org.eclipse.riena.git,path=org.eclipse.riena.server
plugin@org.eclipse.riena.tests=GIT,tag=orgin/master,repo=ssh://rienaBuild@build.eclipse.org/gitroot/riena/org.eclipse.riena.git,path=org.eclipse.riena.tests
plugin@org.eclipse.riena.ui.common=GIT,tag=orgin/master,repo=ssh://rienaBuild@build.eclipse.org/gitroot/riena/org.eclipse.riena.git,path=org.eclipse.riena.ui.common
plugin@org.eclipse.riena.ui.core=GIT,tag=orgin/master,repo=ssh://rienaBuild@build.eclipse.org/gitroot/riena/org.eclipse.riena.git,path=org.eclipse.riena.ui.core
plugin@org.eclipse.riena.ui.filter=GIT,tag=orgin/master,repo=ssh://rienaBuild@build.eclipse.org/gitroot/riena/org.eclipse.riena.git,path=org.eclipse.riena.ui.filter
plugin@org.eclipse.riena.ui.ridgets=GIT,tag=orgin/master,repo=ssh://rienaBuild@build.eclipse.org/gitroot/riena/org.eclipse.riena.git,path=org.eclipse.riena.ui.ridgets
plugin@org.eclipse.riena.ui.ridgets.swt=GIT,tag=orgin/master,repo=ssh://rienaBuild@build.eclipse.org/gitroot/riena/org.eclipse.riena.git,path=org.eclipse.riena.ui.ridgets.swt
plugin@org.eclipse.riena.ui.ridgets.swt.optional=GIT,tag=orgin/master,repo=ssh://rienaBuild@build.eclipse.org/gitroot/riena/org.eclipse.riena.git,path=org.eclipse.riena.ui.ridgets.swt.optional
plugin@org.eclipse.riena.ui.swt=GIT,tag=orgin/master,repo=ssh://rienaBuild@build.eclipse.org/gitroot/riena/org.eclipse.riena.git,path=org.eclipse.riena.ui.swt
plugin@org.eclipse.riena.ui.swt.rcp=GIT,tag=orgin/master,repo=ssh://rienaBuild@build.eclipse.org/gitroot/riena/org.eclipse.riena.git,path=org.eclipse.riena.ui.swt.rcp
plugin@org.eclipse.riena.ui.swt.rap=GIT,tag=orgin/master,repo=ssh://rienaBuild@build.eclipse.org/gitroot/riena/org.eclipse.riena.rap.git,path=org.eclipse.riena.ui.swt.rap
plugin@org.eclipse.riena.ui.workarea=GIT,tag=orgin/master,repo=ssh://rienaBuild@build.eclipse.org/gitroot/riena/org.eclipse.riena.git,path=org.eclipse.riena.ui.workarea
fragment@org.eclipse.riena.rap.mocks=GIT,tag=orgin/master,repo=ssh://rienaBuild@build.eclipse.org/gitroot/riena/org.eclipse.riena.rap.git,path=org.eclipse.riena.rap.mocks

# these plugins only needed when building against RAP
#plugin@org.eclipse.equinox.security=CVS,v20100301,:pserver:anonymous@dev.eclipse.org:/cvsroot/rt,,org.eclipse.equinox/security/bundles/org.eclipse.equinox.security
plugin@org.eclipse.equinox.security=GET,file:///C:/build3/prebuild/plugins/org.eclipse.equinox.security_1.1.0.v20110502.jar
#plugin@org.eclipse.equinox.log=CVS,v20100118,:pserver:anonymous@dev.eclipse.org:/cvsroot/rt,,org.eclipse.equinox/compendium/bundles/org.eclipse.equinox.log
plugin@org.eclipse.equinox.log=GET,file:///C:/build3/prebuild/plugins/org.eclipse.equinox.log_1.2.200.v20110502.jar

# external libs - from orbit, cvs or target
#plugin@org.apache.commons.beanutils,1.7.0=GET,http://download.eclipse.org/tools/orbit/downloads/drops/R20090529135407/bundles/org.apache.commons.beanutils_1.7.0.v200902170505.jar
#plugin@org.apache.commons.logging,1.0.4=GET,http://download.eclipse.org/tools/orbit/downloads/drops/R20100519200754/bundles/org.apache.commons.logging_1.0.4.v201005080501.jar
#plugin@org.apache.log4j=GET,http://download.eclipse.org/tools/orbit/downloads/drops/R20090529135407/bundles/org.apache.log4j_1.2.13.v200903072027.jar
#plugin@org.apache.oro=GET,http://download.eclipse.org/tools/orbit/downloads/drops/R20100114021427/bundles/org.apache.oro_2.0.8.v200903061218.jar
#plugin@org.easymock,2.4.0=GET,http://download.eclipse.org/tools/orbit/downloads/drops/R20090529135407/bundles/org.easymock_2.4.0.v20090202-0900.jar
#plugin@org.eclipse.nebula.widgets.compositetable=CVS,Galileo_01,:pserver:rienaBuild@build.eclipse.org:/cvsroot/technology,,org.eclipse.swt.nebula/org.eclipse.nebula.widgets.compositetable
#plugin@org.eclipse.nebula.widgets.compositetable=GET,http://download.eclipse.org/rt/riena/downloads/nebuladrops/Galileo_01/org.eclipse.nebula.widgets.compositetable_1.0.0.jar
#plugin@org.eclipse.nebula.widgets.grid=GET,http://download.eclipse.org/technology/nebula/grid/update-N/plugins/org.eclipse.nebula.widgets.grid_1.0.0.HEAD.jar
#plugin@org.junit,3.8.2=GET,http://download.eclipse.org/tools/orbit/downloads/drops/S20100831105311/bundles/org.junit_3.8.2.v3_8_2_v20100427-1100.zip,unpack=true
#plugin@org.pushingpixels.trident=CVS,v20110609,:pserver:anonymous@dev.eclipse.org:/cvsroot/eclipse,,e4/org.eclipse.e4.ui/bundles/org.pushingpixels.trident

# these plugins come from c:\build3\prebuild
# we want to ship the originals from the Eclipse Platform, and _not_ build our own
#plugin@org.apache.commons.beanutils=GET,file:///C:/build3/prebuild/plugins/org.apache.commons.beanutils_1.7.0.v200902170505.jar
plugin@org.apache.commons.beanutils=GET,file:///C:/build3/prebuild/plugins/org.apache.commons.beanutils_1.8.0.v201205091237.jar
plugin@org.apache.commons.collections=GET,file:///C:/build3/prebuild/plugins/org.apache.commons.collections_3.2.0.v201005080500.jar
plugin@org.apache.commons.logging=GET,file:///C:/build3/prebuild/plugins/org.apache.commons.logging_1.0.4.v201101211617.jar
#plugin@org.apache.jasper=GET,file:///C:/build3/prebuild/plugins/org.apache.jasper_5.5.17.v201101211617.jar
plugin@org.apache.log4j=GET,file:///C:/build3/prebuild/plugins/org.apache.log4j_1.2.13.v200903072027.jar
plugin@org.apache.oro=GET,file:///C:/build3/prebuild/plugins/org.apache.oro_2.0.8.v200903061218.jar
plugin@org.easymock,2.4.0=GET,file:///C:/build3/prebuild/plugins/org.easymock_2.4.0.v20090202-0900.jar
plugin@org.eclipse.core.variables=GET,file:///C:/build3/prebuild/plugins/org.eclipse.core.variables_3.2.600.v20120521-2012.jar
plugin@org.eclipse.core.variables.source=GET,file:///C:/build3/prebuild/plugins/org.eclipse.core.variables.source_3.2.600.v20120521-2012.jar
plugin@org.eclipse.core.net=GET,file:///C:/build3/prebuild/plugins/org.eclipse.core.net_1.2.200.v20120522-1148.jar
plugin@org.eclipse.core.net.source=GET,file:///C:/build3/prebuild/plugins/org.eclipse.core.net.source_1.2.200.v20120522-1148.jar
plugin@org.eclipse.core.net.win32.x86=GET,file:///C:/build3/prebuild/plugins/org.eclipse.core.net.win32.x86_1.2.200.v20120522-1148.jar
plugin@org.eclipse.nebula.widgets.compositetable=GET,file:///C:/build3/prebuild/plugins/org.eclipse.nebula.widgets.compositetable_1.0.0.jar
plugin@org.eclipse.nebula.widgets.compositetable.source=GET,file:///C:/build3/prebuild/plugins/org.eclipse.nebula.widgets.compositetable.source_1.0.0.jar
plugin@org.eclipse.nebula.widgets.grid=GET,file:///C:/build3/prebuild/plugins/org.eclipse.nebula.widgets.grid_1.0.0.HEAD.jar
plugin@org.junit,3.8.2=GET,file:///C:/build3/prebuild/plugins/org.junit_3.8.2.v3_8_2_v20100427-1100.zip,unpack=true
#plugin@org.pushingpixels.trident=GET,file:///C:/build3/prebuild/plugins/org.pushingpixels.trident_1.2.0.v20110609.jar
plugin@org.pushingpixels.trident=GET,file:///C:/build3/prebuild/plugins/org.pushingpixels.trident_1.2.0.201106090835.jar
plugin@org.junit,4.10.0=GET,file:///C:/build3/prebuild/plugins/org.junit_4.10.0.v20120426-0900.jar,unpack=true
plugin@org.hamcrest.core,1.1.0=GET,file:///C:/build3/prebuild/plugins/org.hamcrest.core_1.1.0.201211221430.jar,unpack=true
