# feature that defines all the dependant plugins
feature@org.eclipse.riena.build.feature=CVS,HEAD,:ext:rienaBuild@build.eclipse.org:/cvsroot/rt,,org.eclipse.riena/org.eclipse.riena.build.feature
feature@org.eclipse.riena.build.feature.sdk=CVS,HEAD,:ext:rienaBuild@build.eclipse.org:/cvsroot/rt,,org.eclipse.riena/org.eclipse.riena.build.feature.sdk
feature@org.eclipse.riena.build.feature.core=CVS,HEAD,:ext:rienaBuild@build.eclipse.org:/cvsroot/rt,,org.eclipse.riena/org.eclipse.riena.build.feature.core
feature@org.eclipse.riena.build.feature.core.sdk=CVS,HEAD,:ext:rienaBuild@build.eclipse.org:/cvsroot/rt,,org.eclipse.riena/org.eclipse.riena.build.feature.core.sdk
feature@org.eclipse.riena.build.feature.rap.sdk=CVS,HEAD,:ext:rienaBuild@build.eclipse.org:/cvsroot/rt,,org.eclipse.riena/org.eclipse.riena.build.feature.rap.sdk
feature@org.eclipse.riena.build.feature.samples=CVS,HEAD,:ext:rienaBuild@build.eclipse.org:/cvsroot/rt,,org.eclipse.riena/org.eclipse.riena.build.feature.samples
feature@org.eclipse.riena.build.feature.samples.sdk=CVS,HEAD,:ext:rienaBuild@build.eclipse.org:/cvsroot/rt,,org.eclipse.riena/org.eclipse.riena.build.feature.samples.sdk

# list of riena plugins
plugin@com.caucho.hessian=CVS,HEAD,:ext:rienaBuild@build.eclipse.org:/cvsroot/rt,,org.eclipse.riena/com.caucho.hessian
plugin@org.eclipse.riena.beans.common=CVS,HEAD,:ext:rienaBuild@build.eclipse.org:/cvsroot/rt,,org.eclipse.riena/org.eclipse.riena.beans.common
plugin@org.eclipse.riena.client=CVS,HEAD,:ext:rienaBuild@build.eclipse.org:/cvsroot/rt,,org.eclipse.riena/org.eclipse.riena.client
plugin@org.eclipse.riena.client.communication=CVS,HEAD,:ext:rienaBuild@build.eclipse.org:/cvsroot/rt,,org.eclipse.riena/org.eclipse.riena.client.communication
plugin@org.eclipse.riena.client.ridgets=CVS,HEAD,:ext:rienaBuild@build.eclipse.org:/cvsroot/rt,,org.eclipse.riena/org.eclipse.riena.client.ridgets
plugin@org.eclipse.riena.communication.console=CVS,HEAD,:ext:rienaBuild@build.eclipse.org:/cvsroot/rt,,org.eclipse.riena/org.eclipse.riena.communication.console
plugin@org.eclipse.riena.communication.client.ui=CVS,HEAD,:ext:rienaBuild@build.eclipse.org:/cvsroot/rt,,org.eclipse.riena/org.eclipse.riena.communication.client.ui
plugin@org.eclipse.riena.communication.core=CVS,HEAD,:ext:rienaBuild@build.eclipse.org:/cvsroot/rt,,org.eclipse.riena/org.eclipse.riena.communication.core
plugin@org.eclipse.riena.communication.discovery=CVS,HEAD,:ext:rienaBuild@build.eclipse.org:/cvsroot/rt,,org.eclipse.riena/org.eclipse.riena.communication.discovery
plugin@org.eclipse.riena.communication.factory.hessian=CVS,HEAD,:ext:rienaBuild@build.eclipse.org:/cvsroot/rt,,org.eclipse.riena/org.eclipse.riena.communication.factory.hessian
plugin@org.eclipse.riena.communication.publisher=CVS,HEAD,:ext:rienaBuild@build.eclipse.org:/cvsroot/rt,,org.eclipse.riena/org.eclipse.riena.communication.publisher
plugin@org.eclipse.riena.communication.publisher.hessian=CVS,HEAD,:ext:rienaBuild@build.eclipse.org:/cvsroot/rt,,org.eclipse.riena/org.eclipse.riena.communication.publisher.hessian
plugin@org.eclipse.riena.communication.sample.pingpong.client=CVS,HEAD,:ext:rienaBuild@build.eclipse.org:/cvsroot/rt,,org.eclipse.riena/org.eclipse.riena.communication.sample.pingpong.client
plugin@org.eclipse.riena.communication.sample.pingpong.client.config=CVS,HEAD,:ext:rienaBuild@build.eclipse.org:/cvsroot/rt,,org.eclipse.riena/org.eclipse.riena.communication.sample.pingpong.client.config
plugin@org.eclipse.riena.communication.sample.pingpong.common=CVS,HEAD,:ext:rienaBuild@build.eclipse.org:/cvsroot/rt,,org.eclipse.riena/org.eclipse.riena.communication.sample.pingpong.common
plugin@org.eclipse.riena.communication.sample.pingpong.server=CVS,HEAD,:ext:rienaBuild@build.eclipse.org:/cvsroot/rt,,org.eclipse.riena/org.eclipse.riena.communication.sample.pingpong.server
plugin@org.eclipse.riena.core=CVS,HEAD,:ext:rienaBuild@build.eclipse.org:/cvsroot/rt,,org.eclipse.riena/org.eclipse.riena.core
plugin@org.eclipse.riena.demo.client=CVS,HEAD,:ext:rienaBuild@build.eclipse.org:/cvsroot/rt,,org.eclipse.riena/org.eclipse.riena.demo.client
plugin@org.eclipse.riena.demo.common=CVS,HEAD,:ext:rienaBuild@build.eclipse.org:/cvsroot/rt,,org.eclipse.riena/org.eclipse.riena.demo.common
plugin@org.eclipse.riena.demo.server=CVS,HEAD,:ext:rienaBuild@build.eclipse.org:/cvsroot/rt,,org.eclipse.riena/org.eclipse.riena.demo.server
plugin@org.eclipse.riena.documents=CVS,HEAD,:ext:rienaBuild@build.eclipse.org:/cvsroot/rt,,org.eclipse.riena/org.eclipse.riena.documents
plugin@org.eclipse.riena.example.client=CVS,HEAD,:ext:rienaBuild@build.eclipse.org:/cvsroot/rt,,org.eclipse.riena/org.eclipse.riena.example.client
plugin@org.eclipse.riena.example.client.optional=CVS,HEAD,:ext:rienaBuild@build.eclipse.org:/cvsroot/rt,,org.eclipse.riena/org.eclipse.riena.example.client.optional
plugin@org.eclipse.riena.example.ping.client=CVS,HEAD,:ext:rienaBuild@build.eclipse.org:/cvsroot/rt,,org.eclipse.riena/org.eclipse.riena.example.ping.client
plugin@org.eclipse.riena.monitor.client=CVS,HEAD,:ext:rienaBuild@build.eclipse.org:/cvsroot/rt,,org.eclipse.riena/org.eclipse.riena.monitor.client
plugin@org.eclipse.riena.monitor.common=CVS,HEAD,:ext:rienaBuild@build.eclipse.org:/cvsroot/rt,,org.eclipse.riena/org.eclipse.riena.monitor.common
plugin@org.eclipse.riena.navigation=CVS,HEAD,:ext:rienaBuild@build.eclipse.org:/cvsroot/rt,,org.eclipse.riena/org.eclipse.riena.navigation
plugin@org.eclipse.riena.navigation.ui=CVS,HEAD,:ext:rienaBuild@build.eclipse.org:/cvsroot/rt,,org.eclipse.riena/org.eclipse.riena.navigation.ui
plugin@org.eclipse.riena.navigation.ui.swt=CVS,HEAD,:ext:rienaBuild@build.eclipse.org:/cvsroot/rt,,org.eclipse.riena/org.eclipse.riena.navigation.ui.swt
plugin@org.eclipse.riena.objecttransaction=CVS,HEAD,:ext:rienaBuild@build.eclipse.org:/cvsroot/rt,,org.eclipse.riena/org.eclipse.riena.objecttransaction
plugin@org.eclipse.riena.sample.app.client=CVS,HEAD,:ext:rienaBuild@build.eclipse.org:/cvsroot/rt,,org.eclipse.riena/org.eclipse.riena.sample.app.client
plugin@org.eclipse.riena.sample.app.client.mail=CVS,HEAD,:ext:rienaBuild@build.eclipse.org:/cvsroot/rt,,org.eclipse.riena/org.eclipse.riena.sample.app.client.mail
plugin@org.eclipse.riena.sample.app.client.rcpmail=CVS,HEAD,:ext:rienaBuild@build.eclipse.org:/cvsroot/rt,,org.eclipse.riena/org.eclipse.riena.sample.app.client.rcpmail
plugin@org.eclipse.riena.sample.app.common=CVS,HEAD,:ext:rienaBuild@build.eclipse.org:/cvsroot/rt,,org.eclipse.riena/org.eclipse.riena.sample.app.common
plugin@org.eclipse.riena.sample.app.server=CVS,HEAD,:ext:rienaBuild@build.eclipse.org:/cvsroot/rt,,org.eclipse.riena/org.eclipse.riena.sample.app.server
plugin@org.eclipse.riena.sample.snippets=CVS,HEAD,:ext:rienaBuild@build.eclipse.org:/cvsroot/rt,,org.eclipse.riena/org.eclipse.riena.sample.snippets
plugin@org.eclipse.riena.security.client.startup=CVS,HEAD,:ext:rienaBuild@build.eclipse.org:/cvsroot/rt,,org.eclipse.riena/org.eclipse.riena.security.client.startup
plugin@org.eclipse.riena.security.common=CVS,HEAD,:ext:rienaBuild@build.eclipse.org:/cvsroot/rt,,org.eclipse.riena/org.eclipse.riena.security.common
plugin@org.eclipse.riena.security.server=CVS,HEAD,:ext:rienaBuild@build.eclipse.org:/cvsroot/rt,,org.eclipse.riena/org.eclipse.riena.security.server
plugin@org.eclipse.riena.security.services=CVS,HEAD,:ext:rienaBuild@build.eclipse.org:/cvsroot/rt,,org.eclipse.riena/org.eclipse.riena.security.services
plugin@org.eclipse.riena.security.simpleservices=CVS,HEAD,:ext:rienaBuild@build.eclipse.org:/cvsroot/rt,,org.eclipse.riena/org.eclipse.riena.security.simpleservices
plugin@org.eclipse.riena.server=CVS,HEAD,:ext:rienaBuild@build.eclipse.org:/cvsroot/rt,,org.eclipse.riena/org.eclipse.riena.server
plugin@org.eclipse.riena.tests=CVS,HEAD,:ext:rienaBuild@build.eclipse.org:/cvsroot/rt,,org.eclipse.riena/org.eclipse.riena.tests
plugin@org.eclipse.riena.ui.common=CVS,HEAD,:ext:rienaBuild@build.eclipse.org:/cvsroot/rt,,org.eclipse.riena/org.eclipse.riena.ui.common
plugin@org.eclipse.riena.ui.core=CVS,HEAD,:ext:rienaBuild@build.eclipse.org:/cvsroot/rt,,org.eclipse.riena/org.eclipse.riena.ui.core
plugin@org.eclipse.riena.ui.filter=CVS,HEAD,:ext:rienaBuild@build.eclipse.org:/cvsroot/rt,,org.eclipse.riena/org.eclipse.riena.ui.filter
plugin@org.eclipse.riena.ui.ridgets=CVS,HEAD,:ext:rienaBuild@build.eclipse.org:/cvsroot/rt,,org.eclipse.riena/org.eclipse.riena.ui.ridgets
plugin@org.eclipse.riena.ui.ridgets.swt=CVS,HEAD,:ext:rienaBuild@build.eclipse.org:/cvsroot/rt,,org.eclipse.riena/org.eclipse.riena.ui.ridgets.swt
plugin@org.eclipse.riena.ui.ridgets.swt.optional=CVS,HEAD,:ext:rienaBuild@build.eclipse.org:/cvsroot/rt,,org.eclipse.riena/org.eclipse.riena.ui.ridgets.swt.optional
plugin@org.eclipse.riena.ui.swt=CVS,HEAD,:ext:rienaBuild@build.eclipse.org:/cvsroot/rt,,org.eclipse.riena/org.eclipse.riena.ui.swt
plugin@org.eclipse.riena.ui.swt.rcp=CVS,HEAD,:ext:rienaBuild@build.eclipse.org:/cvsroot/rt,,org.eclipse.riena/org.eclipse.riena.ui.swt.rcp
plugin@org.eclipse.riena.ui.swt.rap=CVS,HEAD,:ext:rienaBuild@build.eclipse.org:/cvsroot/rt,,org.eclipse.riena/org.eclipse.riena.ui.swt.rap
plugin@org.eclipse.riena.ui.workarea=CVS,HEAD,:ext:rienaBuild@build.eclipse.org:/cvsroot/rt,,org.eclipse.riena/org.eclipse.riena.ui.workarea
fragment@org.eclipse.riena.rap.mocks=CVS,HEAD,:ext:rienaBuild@build.eclipse.org:/cvsroot/rt,,org.eclipse.riena/org.eclipse.riena.rap.mocks

# these plugins only needed when building against RAP
#plugin@org.eclipse.equinox.security=CVS,v20100301,:pserver:anonymous@dev.eclipse.org:/cvsroot/rt,,org.eclipse.equinox/security/bundles/org.eclipse.equinox.security
plugin@org.eclipse.equinox.security=GET,file:///C:/build3/prebuild/plugins/org.eclipse.equinox.security_1.1.0.v20110124-0830.jar 
#plugin@org.eclipse.equinox.log=CVS,v20100118,:pserver:anonymous@dev.eclipse.org:/cvsroot/rt,,org.eclipse.equinox/compendium/bundles/org.eclipse.equinox.log
plugin@org.eclipse.equinox.log=GET,file:///C:/build3/prebuild/plugins/org.eclipse.equinox.log_1.2.100.v20100503.jar 

# external libs - from orbit, cvs or target
#plugin@org.apache.commons.beanutils,1.7.0=GET,http://download.eclipse.org/tools/orbit/downloads/drops/R20090529135407/bundles/org.apache.commons.beanutils_1.7.0.v200902170505.jar
#plugin@org.apache.commons.logging,1.0.4=GET,http://download.eclipse.org/tools/orbit/downloads/drops/R20100519200754/bundles/org.apache.commons.logging_1.0.4.v201005080501.jar
#plugin@org.apache.log4j=GET,http://download.eclipse.org/tools/orbit/downloads/drops/R20090529135407/bundles/org.apache.log4j_1.2.13.v200903072027.jar
#plugin@org.apache.oro=GET,http://download.eclipse.org/tools/orbit/downloads/drops/R20100114021427/bundles/org.apache.oro_2.0.8.v200903061218.jar
#plugin@org.easymock,2.4.0=GET,http://download.eclipse.org/tools/orbit/downloads/drops/R20090529135407/bundles/org.easymock_2.4.0.v20090202-0900.jar
#plugin@org.eclipse.nebula.widgets.compositetable=CVS,Galileo_01,:pserver:rienaBuild@build.eclipse.org:/cvsroot/technology,,org.eclipse.swt.nebula/org.eclipse.nebula.widgets.compositetable
#plugin@org.eclipse.nebula.widgets.compositetable=GET,http://download.eclipse.org/rt/riena/downloads/nebuladrops/Galileo_01/org.eclipse.nebula.widgets.compositetable_1.0.0.jar
#plugin@org.junit,3.8.2=GET,http://download.eclipse.org/tools/orbit/downloads/drops/S20100831105311/bundles/org.junit_3.8.2.v3_8_2_v20100427-1100.zip,unpack=true
#plugin@org.pushingpixels.trident=CVS,v20100204-1500,:pserver:anonymous@dev.eclipse.org:/cvsroot/eclipse,,e4/org.eclipse.e4.ui/bundles/org.pushingpixels.trident

# these plugins come from c:\build3\prebuild
# we want to ship the originals from the Eclipse Platform, and _not_ build our own
plugin@org.apache.commons.beanutils=GET,file:///C:/build3/prebuild/plugins/org.apache.commons.beanutils_1.7.0.v200902170505.jar
plugin@org.apache.commons.logging=GET,file:///C:/build3/prebuild/plugins/org.apache.commons.logging_1.0.4.v201101211617.jar
#plugin@org.apache.jasper=GET,file:///C:/build3/prebuild/plugins/org.apache.jasper_5.5.17.v201101211617.jar
plugin@org.apache.log4j=GET,file:///C:/build3/prebuild/plugins/org.apache.log4j_1.2.13.v200903072027.jar
plugin@org.apache.oro=GET,file:///C:/build3/prebuild/plugins/org.apache.oro_2.0.8.v200903061218.jar
plugin@org.easymock,2.4.0=GET,file:///C:/build3/prebuild/plugins/org.easymock_2.4.0.v20090202-0900.jar
plugin@org.eclipse.core.variables=GET,file:///C:/build3/prebuild/plugins/org.eclipse.core.variables_3.2.500.v20110207.jar
plugin@org.eclipse.core.net=GET,file:///C:/build3/prebuild/plugins/org.eclipse.core.net_1.2.100.I20110208-0800.jar
plugin@org.eclipse.core.net.source=GET,file:///C:/build3/prebuild/plugins/org.eclipse.core.net.source_1.2.100.I20110208-0800.jar
plugin@org.eclipse.core.net.win32.x86=GET,file:///C:/build3/prebuild/plugins/org.eclipse.core.net.win32.x86_1.0.100.I20100511-0800.jar
plugin@org.eclipse.nebula.widgets.compositetable=GET,file:///C:/build3/prebuild/plugins/org.eclipse.nebula.widgets.compositetable_1.0.0.jar
plugin@org.junit,3.8.2=GET,file:///C:/build3/prebuild/plugins/org.junit_3.8.2.v3_8_2_v20100427-1100.zip,unpack=true
plugin@org.pushingpixels.trident=GET,file:///C:/build3/prebuild/plugins/org.pushingpixels.trident_1.2.0.v20100204-1500.jar
