# feature that defines all the dependant plugins
feature@org.eclipse.riena.build.feature=GIT,tag=origin/master,repo=ssh://rienaBuild@build.eclipse.org/gitroot/riena/org.eclipse.riena.git,path=org.eclipse.riena.build.feature
feature@org.eclipse.riena.build.feature.sdk=GIT,tag=origin/master,repo=ssh://rienaBuild@build.eclipse.org/gitroot/riena/org.eclipse.riena.git,path=org.eclipse.riena.build.feature.sdk
feature@org.eclipse.riena.build.feature.core=GIT,tag=origin/master,repo=ssh://rienaBuild@build.eclipse.org/gitroot/riena/org.eclipse.riena.git,path=org.eclipse.riena.build.feature.core
feature@org.eclipse.riena.build.feature.core.sdk=GIT,tag=origin/master,repo=ssh://rienaBuild@build.eclipse.org/gitroot/riena/org.eclipse.riena.git,path=org.eclipse.riena.build.feature.core.sdk
feature@org.eclipse.riena.build.feature.rap.sdk=GIT,tag=origin/master,repo=ssh://rienaBuild@build.eclipse.org/gitroot/riena/org.eclipse.riena.rap.git,path=org.eclipse.riena.build.feature.rap.sdk
feature@org.eclipse.riena.build.feature.samples=GIT,tag=origin/master,repo=ssh://rienaBuild@build.eclipse.org/gitroot/riena/org.eclipse.riena.git,path=org.eclipse.riena.build.feature.samples
feature@org.eclipse.riena.build.feature.samples.sdk=GIT,tag=origin/master,repo=ssh://rienaBuild@build.eclipse.org/gitroot/riena/org.eclipse.riena.git,path=org.eclipse.riena.build.feature.samples.sdk

# E4 specific features
feature@org.eclipse.riena.build.feature.e4=GIT,tag=origin/rienaOnE4,repo=ssh://rienaBuild@build.eclipse.org/gitroot/riena/org.eclipse.riena.git,path=org.eclipse.riena.build.feature.e4
feature@org.eclipse.riena.build.feature.sdk.e4=GIT,tag=origin/rienaOnE4,repo=ssh://rienaBuild@build.eclipse.org/gitroot/riena/org.eclipse.riena.git,path=org.eclipse.riena.build.feature.sdk.e4
feature@org.eclipse.riena.build.feature.core.sdk.e4=GIT,tag=origin/rienaOnE4,repo=ssh://rienaBuild@build.eclipse.org/gitroot/riena/org.eclipse.riena.git,path=org.eclipse.riena.build.feature.core.sdk.e4

# list of riena plugins
plugin@com.caucho.hessian=GIT,tag=origin/master,repo=ssh://rienaBuild@build.eclipse.org/gitroot/riena/org.eclipse.riena.git,path=com.caucho.hessian
plugin@com.kitfox.svg=GIT,tag=origin/master,repo=ssh://rienaBuild@build.eclipse.org/gitroot/riena/org.eclipse.riena.git,path=com.kitfox.svg
plugin@org.eclipse.riena.beans.common=GIT,tag=origin/master,repo=ssh://rienaBuild@build.eclipse.org/gitroot/riena/org.eclipse.riena.git,path=org.eclipse.riena.beans.common
plugin@org.eclipse.riena.client=GIT,tag=origin/master,repo=ssh://rienaBuild@build.eclipse.org/gitroot/riena/org.eclipse.riena.git,path=org.eclipse.riena.client
plugin@org.eclipse.riena.client.communication=GIT,tag=origin/master,repo=ssh://rienaBuild@build.eclipse.org/gitroot/riena/org.eclipse.riena.git,path=org.eclipse.riena.client.communication
plugin@org.eclipse.riena.client.ridgets=GIT,tag=origin/master,repo=ssh://rienaBuild@build.eclipse.org/gitroot/riena/org.eclipse.riena.git,path=org.eclipse.riena.client.ridgets
plugin@org.eclipse.riena.communication.console=GIT,tag=origin/master,repo=ssh://rienaBuild@build.eclipse.org/gitroot/riena/org.eclipse.riena.git,path=org.eclipse.riena.communication.console
plugin@org.eclipse.riena.communication.client.ui=GIT,tag=origin/master,repo=ssh://rienaBuild@build.eclipse.org/gitroot/riena/org.eclipse.riena.git,path=org.eclipse.riena.communication.client.ui
plugin@org.eclipse.riena.communication.core=GIT,tag=origin/master,repo=ssh://rienaBuild@build.eclipse.org/gitroot/riena/org.eclipse.riena.git,path=org.eclipse.riena.communication.core
plugin@org.eclipse.riena.communication.discovery=GIT,tag=origin/master,repo=ssh://rienaBuild@build.eclipse.org/gitroot/riena/org.eclipse.riena.git,path=org.eclipse.riena.communication.discovery
plugin@org.eclipse.riena.communication.factory.hessian=GIT,tag=origin/master,repo=ssh://rienaBuild@build.eclipse.org/gitroot/riena/org.eclipse.riena.git,path=org.eclipse.riena.communication.factory.hessian
plugin@org.eclipse.riena.communication.publisher=GIT,tag=origin/master,repo=ssh://rienaBuild@build.eclipse.org/gitroot/riena/org.eclipse.riena.git,path=org.eclipse.riena.communication.publisher
plugin@org.eclipse.riena.communication.publisher.hessian=GIT,tag=origin/master,repo=ssh://rienaBuild@build.eclipse.org/gitroot/riena/org.eclipse.riena.git,path=org.eclipse.riena.communication.publisher.hessian
plugin@org.eclipse.riena.communication.sample.pingpong.client=GIT,tag=origin/master,repo=ssh://rienaBuild@build.eclipse.org/gitroot/riena/org.eclipse.riena.git,path=org.eclipse.riena.communication.sample.pingpong.client
plugin@org.eclipse.riena.communication.sample.pingpong.client.config=GIT,tag=origin/master,repo=ssh://rienaBuild@build.eclipse.org/gitroot/riena/org.eclipse.riena.git,path=org.eclipse.riena.communication.sample.pingpong.client.config
plugin@org.eclipse.riena.communication.sample.pingpong.common=GIT,tag=origin/master,repo=ssh://rienaBuild@build.eclipse.org/gitroot/riena/org.eclipse.riena.git,path=org.eclipse.riena.communication.sample.pingpong.common
plugin@org.eclipse.riena.communication.sample.pingpong.server=GIT,tag=origin/master,repo=ssh://rienaBuild@build.eclipse.org/gitroot/riena/org.eclipse.riena.git,path=org.eclipse.riena.communication.sample.pingpong.server
plugin@org.eclipse.riena.core=GIT,tag=origin/master,repo=ssh://rienaBuild@build.eclipse.org/gitroot/riena/org.eclipse.riena.git,path=org.eclipse.riena.core
plugin@org.eclipse.riena.demo.client=GIT,tag=origin/master,repo=ssh://rienaBuild@build.eclipse.org/gitroot/riena/org.eclipse.riena.git,path=org.eclipse.riena.demo.client
plugin@org.eclipse.riena.demo.client.rcp=GIT,tag=origin/master,repo=ssh://rienaBuild@build.eclipse.org/gitroot/riena/org.eclipse.riena.git,path=org.eclipse.riena.demo.client.rcp
fragment@org.eclipse.riena.demo.client.webtheme=GIT,tag=origin/master,repo=ssh://rienaBuild@build.eclipse.org/gitroot/riena/org.eclipse.riena.rap.git,path=org.eclipse.riena.demo.client.webtheme
plugin@org.eclipse.riena.demo.common=GIT,tag=origin/master,repo=ssh://rienaBuild@build.eclipse.org/gitroot/riena/org.eclipse.riena.git,path=org.eclipse.riena.demo.common
plugin@org.eclipse.riena.demo.server=GIT,tag=origin/master,repo=ssh://rienaBuild@build.eclipse.org/gitroot/riena/org.eclipse.riena.git,path=org.eclipse.riena.demo.server
plugin@org.eclipse.riena.documents=GIT,tag=origin/master,repo=ssh://rienaBuild@build.eclipse.org/gitroot/riena/org.eclipse.riena.git,path=org.eclipse.riena.documents
plugin@org.eclipse.riena.example.client=GIT,tag=origin/master,repo=ssh://rienaBuild@build.eclipse.org/gitroot/riena/org.eclipse.riena.git,path=org.eclipse.riena.example.client
fragment@org.eclipse.riena.example.client.rap=GIT,tag=origin/master,repo=ssh://rienaBuild@build.eclipse.org/gitroot/riena/org.eclipse.riena.rap.git,path=org.eclipse.riena.example.client.rap
plugin@org.eclipse.riena.example.client.optional=GIT,tag=origin/master,repo=ssh://rienaBuild@build.eclipse.org/gitroot/riena/org.eclipse.riena.git,path=org.eclipse.riena.example.client.optional
plugin@org.eclipse.riena.example.ping.client=GIT,tag=origin/master,repo=ssh://rienaBuild@build.eclipse.org/gitroot/riena/org.eclipse.riena.git,path=org.eclipse.riena.example.ping.client
plugin@org.eclipse.riena.monitor.client=GIT,tag=origin/master,repo=ssh://rienaBuild@build.eclipse.org/gitroot/riena/org.eclipse.riena.git,path=org.eclipse.riena.monitor.client
plugin@org.eclipse.riena.monitor.common=GIT,tag=origin/master,repo=ssh://rienaBuild@build.eclipse.org/gitroot/riena/org.eclipse.riena.git,path=org.eclipse.riena.monitor.common
plugin@org.eclipse.riena.navigation=GIT,tag=origin/master,repo=ssh://rienaBuild@build.eclipse.org/gitroot/riena/org.eclipse.riena.git,path=org.eclipse.riena.navigation
plugin@org.eclipse.riena.navigation.ui=GIT,tag=origin/master,repo=ssh://rienaBuild@build.eclipse.org/gitroot/riena/org.eclipse.riena.git,path=org.eclipse.riena.navigation.ui
plugin@org.eclipse.riena.navigation.ui.swt=GIT,tag=origin/master,repo=ssh://rienaBuild@build.eclipse.org/gitroot/riena/org.eclipse.riena.git,path=org.eclipse.riena.navigation.ui.swt
plugin@org.eclipse.riena.navigation.ui.swt.3x=GIT,tag=origin/master,repo=ssh://rienaBuild@build.eclipse.org/gitroot/riena/org.eclipse.riena.git,path=org.eclipse.riena.navigation.ui.swt.3x
plugin@org.eclipse.riena.navigation.ui.swt.e4=GIT,tag=origin/master,repo=ssh://rienaBuild@build.eclipse.org/gitroot/riena/org.eclipse.riena.git,path=org.eclipse.riena.navigation.ui.swt.e4
plugin@org.eclipse.riena.navigation.ui.swt.presentation=GIT,tag=origin/master,repo=ssh://rienaBuild@build.eclipse.org/gitroot/riena/org.eclipse.riena.git,path=org.eclipse.riena.navigation.ui.swt.presentation
plugin@org.eclipse.riena.navigation.ui.swt.rcp=GIT,tag=origin/master,repo=ssh://rienaBuild@build.eclipse.org/gitroot/riena/org.eclipse.riena.git,path=org.eclipse.riena.navigation.ui.swt.rcp
plugin@org.eclipse.riena.navigation.ui.swt.rap=GIT,tag=origin/master,repo=ssh://rienaBuild@build.eclipse.org/gitroot/riena/org.eclipse.riena.rap.git,path=org.eclipse.riena.navigation.ui.swt.rap
plugin@org.eclipse.riena.objecttransaction=GIT,tag=origin/master,repo=ssh://rienaBuild@build.eclipse.org/gitroot/riena/org.eclipse.riena.git,path=org.eclipse.riena.objecttransaction
plugin@org.eclipse.riena.sample.app.client=GIT,tag=origin/master,repo=ssh://rienaBuild@build.eclipse.org/gitroot/riena/org.eclipse.riena.git,path=org.eclipse.riena.sample.app.client
plugin@org.eclipse.riena.sample.app.client.mail=GIT,tag=origin/master,repo=ssh://rienaBuild@build.eclipse.org/gitroot/riena/org.eclipse.riena.git,path=org.eclipse.riena.sample.app.client.mail
plugin@org.eclipse.riena.sample.app.client.rcpmail=GIT,tag=origin/master,repo=ssh://rienaBuild@build.eclipse.org/gitroot/riena/org.eclipse.riena.git,path=org.eclipse.riena.sample.app.client.rcpmail
plugin@org.eclipse.riena.sample.app.common=GIT,tag=origin/master,repo=ssh://rienaBuild@build.eclipse.org/gitroot/riena/org.eclipse.riena.git,path=org.eclipse.riena.sample.app.common
plugin@org.eclipse.riena.sample.app.server=GIT,tag=origin/master,repo=ssh://rienaBuild@build.eclipse.org/gitroot/riena/org.eclipse.riena.git,path=org.eclipse.riena.sample.app.server
plugin@org.eclipse.riena.sample.snippets=GIT,tag=origin/master,repo=ssh://rienaBuild@build.eclipse.org/gitroot/riena/org.eclipse.riena.git,path=org.eclipse.riena.sample.snippets
plugin@org.eclipse.riena.security.client.startup=GIT,tag=origin/master,repo=ssh://rienaBuild@build.eclipse.org/gitroot/riena/org.eclipse.riena.git,path=org.eclipse.riena.security.client.startup
plugin@org.eclipse.riena.security.common=GIT,tag=origin/master,repo=ssh://rienaBuild@build.eclipse.org/gitroot/riena/org.eclipse.riena.git,path=org.eclipse.riena.security.common
plugin@org.eclipse.riena.security.server=GIT,tag=origin/master,repo=ssh://rienaBuild@build.eclipse.org/gitroot/riena/org.eclipse.riena.git,path=org.eclipse.riena.security.server
plugin@org.eclipse.riena.security.services=GIT,tag=origin/master,repo=ssh://rienaBuild@build.eclipse.org/gitroot/riena/org.eclipse.riena.git,path=org.eclipse.riena.security.services
plugin@org.eclipse.riena.security.simpleservices=GIT,tag=origin/master,repo=ssh://rienaBuild@build.eclipse.org/gitroot/riena/org.eclipse.riena.git,path=org.eclipse.riena.security.simpleservices
plugin@org.eclipse.riena.security.ui=GIT,tag=origin/master,repo=ssh://rienaBuild@build.eclipse.org/gitroot/riena/org.eclipse.riena.git,path=org.eclipse.riena.security.ui
plugin@org.eclipse.riena.server=GIT,tag=origin/master,repo=ssh://rienaBuild@build.eclipse.org/gitroot/riena/org.eclipse.riena.git,path=org.eclipse.riena.server
plugin@org.eclipse.riena.tests=GIT,tag=origin/master,repo=ssh://rienaBuild@build.eclipse.org/gitroot/riena/org.eclipse.riena.git,path=org.eclipse.riena.tests
plugin@org.eclipse.riena.ui.common=GIT,tag=origin/master,repo=ssh://rienaBuild@build.eclipse.org/gitroot/riena/org.eclipse.riena.git,path=org.eclipse.riena.ui.common
plugin@org.eclipse.riena.ui.core=GIT,tag=origin/master,repo=ssh://rienaBuild@build.eclipse.org/gitroot/riena/org.eclipse.riena.git,path=org.eclipse.riena.ui.core
plugin@org.eclipse.riena.ui.filter=GIT,tag=origin/master,repo=ssh://rienaBuild@build.eclipse.org/gitroot/riena/org.eclipse.riena.git,path=org.eclipse.riena.ui.filter
plugin@org.eclipse.riena.ui.ridgets=GIT,tag=origin/master,repo=ssh://rienaBuild@build.eclipse.org/gitroot/riena/org.eclipse.riena.git,path=org.eclipse.riena.ui.ridgets
plugin@org.eclipse.riena.ui.ridgets.swt=GIT,tag=origin/master,repo=ssh://rienaBuild@build.eclipse.org/gitroot/riena/org.eclipse.riena.git,path=org.eclipse.riena.ui.ridgets.swt
plugin@org.eclipse.riena.ui.ridgets.swt.optional=GIT,tag=origin/master,repo=ssh://rienaBuild@build.eclipse.org/gitroot/riena/org.eclipse.riena.git,path=org.eclipse.riena.ui.ridgets.swt.optional
plugin@org.eclipse.riena.ui.swt=GIT,tag=origin/master,repo=ssh://rienaBuild@build.eclipse.org/gitroot/riena/org.eclipse.riena.git,path=org.eclipse.riena.ui.swt
plugin@org.eclipse.riena.ui.swt.rcp=GIT,tag=origin/master,repo=ssh://rienaBuild@build.eclipse.org/gitroot/riena/org.eclipse.riena.git,path=org.eclipse.riena.ui.swt.rcp
plugin@org.eclipse.riena.ui.swt.rap=GIT,tag=origin/master,repo=ssh://rienaBuild@build.eclipse.org/gitroot/riena/org.eclipse.riena.rap.git,path=org.eclipse.riena.ui.swt.rap
plugin@org.eclipse.riena.ui.swt.3x=GIT,tag=origin/rienaOnE4,repo=ssh://rienaBuild@build.eclipse.org/gitroot/riena/org.eclipse.riena.git,path=org.eclipse.riena.ui.swt.3x
plugin@org.eclipse.riena.ui.workarea=GIT,tag=origin/master,repo=ssh://rienaBuild@build.eclipse.org/gitroot/riena/org.eclipse.riena.git,path=org.eclipse.riena.ui.workarea
fragment@org.eclipse.riena.rap.mocks=GIT,tag=origin/master,repo=ssh://rienaBuild@build.eclipse.org/gitroot/riena/org.eclipse.riena.rap.git,path=org.eclipse.riena.rap.mocks

# E4 specific bundles
plugin@org.eclipse.riena.e4.launcher=GIT,tag=origin/rienaOnE4,repo=ssh://rienaBuild@build.eclipse.org/gitroot/riena/org.eclipse.riena.git,path=org.eclipse.riena.e4.launcher
plugin@org.eclipse.riena.ui.swt.e4=GIT,tag=origin/rienaOnE4,repo=ssh://rienaBuild@build.eclipse.org/gitroot/riena/org.eclipse.riena.git,path=org.eclipse.riena.ui.swt.e4

# these plugins only needed when building against RAP
#plugin@org.eclipse.equinox.security=CVS,v20100301,:pserver:anonymous@dev.eclipse.org:/cvsroot/rt,,org.eclipse.equinox/security/bundles/org.eclipse.equinox.security
#plugin@org.eclipse.equinox.security=GET,file:///C:/build3/prebuild/plugins/org.eclipse.equinox.security_1.1.0.v20110502.jar
#plugin@org.eclipse.equinox.log=CVS,v20100118,:pserver:anonymous@dev.eclipse.org:/cvsroot/rt,,org.eclipse.equinox/compendium/bundles/org.eclipse.equinox.log
#plugin@org.eclipse.equinox.log=GET,file:///C:/build3/prebuild/plugins/org.eclipse.equinox.log_1.2.200.v20110502.jar

# external libs - from orbit, target using p2

plugin@org.apache.commons.beanutils,1.8.0=p2IU,id=org.apache.commons.beanutils,repository=http://download.eclipse.org/tools/orbit/downloads/drops/R20140525021250/repository/
plugin@org.apache.commons.beanutils.source,1.8.0=p2IU,id=org.apache.commons.beanutils.source,repository=http://download.eclipse.org/tools/orbit/downloads/drops/R20140525021250/repository/
plugin@org.apache.commons.collections,3.2.0=p2IU,id=org.apache.commons.collections,repository=http://download.eclipse.org/tools/orbit/downloads/drops/R20140525021250/repository/
plugin@org.apache.commons.collections.source,3.2.0=p2IU,id=org.apache.commons.collections.source,repository=http://download.eclipse.org/tools/orbit/downloads/drops/R20140525021250/repository/
plugin@org.apache.commons.logging,1.0.4=p2IU,id=org.apache.commons.logging,repository=http://download.eclipse.org/tools/orbit/downloads/drops/R20140525021250/repository/
plugin@org.apache.commons.logging.source,1.0.4=p2IU,id=org.apache.commons.logging.source,repository=http://download.eclipse.org/tools/orbit/downloads/drops/R20140525021250/repository/
plugin@org.apache.log4j,1.2.15=p2IU,id=org.apache.log4j,repository=http://download.eclipse.org/tools/orbit/downloads/drops/R20140525021250/repository/
plugin@org.apache.log4j.source,1.2.15=p2IU,id=org.apache.log4j.source,repository=http://download.eclipse.org/tools/orbit/downloads/drops/R20140525021250/repository/
plugin@org.apache.oro,2.0.8=p2IU,id=org.apache.oro,repository=http://download.eclipse.org/tools/orbit/downloads/drops/R20140525021250/repository/
plugin@org.apache.oro.source,2.0.8=p2IU,id=org.apache.oro.source,repository=http://download.eclipse.org/tools/orbit/downloads/drops/R20140525021250/repository/
plugin@org.easymock,2.4.0=p2IU,id=org.easymock,repository=http://download.eclipse.org/tools/orbit/downloads/drops/R20140525021250/repository/
plugin@org.easymock.source,2.4.0=p2IU,id=org.easymock.source,repository=http://download.eclipse.org/tools/orbit/downloads/drops/R20140525021250/repository/
plugin@org.junit,4.11.0=p2IU,id=org.junit,repository=http://download.eclipse.org/tools/orbit/downloads/drops/R20140525021250/repository/
plugin@org.junit.source,4.11.0=p2IU,id=org.junit.source,repository=http://download.eclipse.org/tools/orbit/downloads/drops/R20140525021250/repository/
plugin@org.pushingpixels.trident,1.2.0=p2IU,id=org.pushingpixels.trident,repository=http://download.eclipse.org/tools/orbit/downloads/drops/R20140525021250/repository/
plugin@org.pushingpixels.trident.source,1.2.0=p2IU,id=org.pushingpixels.trident.source,repository=http://download.eclipse.org/tools/orbit/downloads/drops/R20140525021250/repository/
plugin@org.hamcrest.core,1.3.0=p2IU,id=org.hamcrest.core,repository=http://download.eclipse.org/tools/orbit/downloads/drops/R20140525021250/repository/
plugin@org.hamcrest.core.source,1.3.0=p2IU,id=org.hamcrest.core.source,repository=http://download.eclipse.org/tools/orbit/downloads/drops/R20140525021250/repository/

# nebula

plugin@org.eclipse.nebula.widgets.compositetable,1.0.0=p2IU,id=org.eclipse.nebula.widgets.compositetable,repository=http://download.eclipse.org/technology/nebula/snapshot/
plugin@org.eclipse.nebula.widgets.compositetable.source,1.0.0=p2IU,id=org.eclipse.nebula.widgets.compositetable.source,repository=http://download.eclipse.org/technology/nebula/snapshot/
plugin@org.eclipse.nebula.widgets.grid,1.0.0=p2IU,id=org.eclipse.nebula.widgets.grid,repository=http://download.eclipse.org/technology/nebula/snapshot/
plugin@org.eclipse.nebula.widgets.grid.source,1.0.0=p2IU,id=org.eclipse.nebula.widgets.grid.source,repository=http://download.eclipse.org/technology/nebula/snapshot/
